================================================================================
TRADING AGENT TEST
================================================================================

Testing with ticker: NVDA
Date: 2025-12-24
Config: {'project_dir': '/Users/kyeongchanlee/projects/recsys_service_deployment/trading_agent/tradingagents', 'results_dir': './results', 'data_dir': '/Users/yluo/Documents/Code/ScAI/FR1-data', 'data_cache_dir': '/Users/kyeongchanlee/projects/recsys_service_deployment/trading_agent/tradingagents/dataflows/data_cache', 'llm_provider': 'openai', 'deep_think_llm': 'o4-mini', 'quick_think_llm': 'gpt-4o-mini', 'backend_url': 'https://api.openai.com/v1', 'max_debate_rounds': 1, 'max_risk_discuss_rounds': 1, 'max_recur_limit': 100, 'data_vendors': {'core_stock_apis': 'yfinance', 'technical_indicators': 'yfinance', 'fundamental_data': 'alpha_vantage', 'news_data': 'alpha_vantage'}, 'tool_vendors': {}}

================================================================================

[1] Initializing TradingAgentsGraph...
✓ TradingAgentsGraph initialized successfully

[2] Running analysis for NVDA on 2025-12-24...
================================ Human Message =================================

NVDA
================================== Ai Message ==================================
Tool Calls:
  get_stock_data (call_89hD5wZuBBIjOQnovGCsGbf0)
 Call ID: call_89hD5wZuBBIjOQnovGCsGbf0
  Args:
    symbol: NVDA
    start_date: 2025-11-01
    end_date: 2025-12-24
DEBUG: get_stock_data - Primary: [yfinance] | Full fallback order: [yfinance → alpha_vantage → local]
DEBUG: Attempting PRIMARY vendor 'yfinance' for get_stock_data (attempt #1)
DEBUG: Calling get_YFin_data_online from vendor 'yfinance'...
SUCCESS: get_YFin_data_online from vendor 'yfinance' completed successfully
SUCCESS: Vendor 'yfinance' succeeded - Got 1 result(s)
DEBUG: Stopping after successful vendor 'yfinance' (single-vendor config)
FINAL: Method 'get_stock_data' completed with 1 result(s) from 1 vendor attempt(s)
================================= Tool Message =================================
Name: get_stock_data

# Stock data for NVDA from 2025-11-01 to 2025-12-24
# Total records: 36
# Data retrieved on: 2025-12-28 01:20:13

Date,Open,High,Low,Close,Volume,Dividends,Stock Splits
2025-11-03,208.07,211.33,205.55,206.87,180267300,0.0,0.0
2025-11-04,202.99,203.96,197.92,198.68,188919300,0.0,0.0
2025-11-05,198.76,202.91,194.64,195.2,171350300,0.0,0.0
2025-11-06,196.41,197.61,186.37,188.07,223029800,0.0,0.0
2025-11-07,184.89,188.31,178.9,188.14,264942300,0.0,0.0
2025-11-10,195.1,199.93,193.78,199.04,198897100,0.0,0.0
2025-11-11,195.15,195.41,191.29,193.15,176483300,0.0,0.0
2025-11-12,195.71,195.88,191.12,193.79,154935300,0.0,0.0
2025-11-13,191.04,191.43,183.84,186.85,207423100,0.0,0.0
2025-11-14,182.85,191.0,180.57,190.16,186591900,0.0,0.0
2025-11-17,185.96,188.99,184.31,186.59,173628900,0.0,0.0
2025-11-18,183.37,184.79,179.64,181.35,213598900,0.0,0.0
2025-11-19,184.78,187.85,182.82,186.51,247246400,0.0,0.0
2025-11-20,195.94,195.99,179.84,180.63,343504800,0.0,0.0
2025-11-21,181.23,184.55,172.92,178.87,346926200,0.0,0.0
2025-11-24,179.48,183.49,176.47,182.54,256618300,0.0,0.0
2025-11-25,174.9,178.15,169.54,177.81,320600300,0.0,0.0
2025-11-26,181.62,182.9,178.23,180.25,183852000,0.0,0.0
2025-11-28,179.0,179.28,176.49,176.99,121332800,0.0,0.0
2025-12-01,174.75,180.29,173.67,179.91,188131000,0.0,0.0
2025-12-02,181.75,185.65,179.99,181.45,182632200,0.0,0.0
2025-12-03,181.07,182.44,179.1,179.58,165138000,0.0,0.0
2025-12-04,181.62,184.52,179.96,183.38,167364900,0.01,0.0
2025-12-05,183.89,184.66,180.91,182.41,143971100,0.0,0.0
2025-12-08,182.64,188.0,182.4,185.55,204378100,0.0,0.0
2025-12-09,185.56,185.72,183.32,184.97,144719700,0.0,0.0
2025-12-10,184.97,185.48,182.04,183.78,162785400,0.0,0.0
2025-12-11,180.28,181.32,176.62,180.93,182136600,0.0,0.0
2025-12-12,181.11,182.82,174.62,175.02,204274900,0.0,0.0
2025-12-15,177.94,178.42,175.03,176.29,164775600,0.0,0.0
2025-12-16,176.26,178.49,174.9,177.72,148588100,0.0,0.0
2025-12-17,176.1,176.13,170.31,170.94,222775500,0.0,0.0
2025-12-18,174.53,176.15,171.82,174.14,176096000,0.0,0.0
2025-12-19,176.67,181.45,176.34,180.99,324925900,0.0,0.0
2025-12-22,183.92,184.16,182.35,183.69,129064400,0.0,0.0
2025-12-23,182.97,189.33,182.9,189.21,174873600,0.0,0.0

================================== Ai Message ==================================
Tool Calls:
  get_indicators (call_qzAh8Ja8gvgFtiL7tQvsDQfe)
 Call ID: call_qzAh8Ja8gvgFtiL7tQvsDQfe
  Args:
    symbol: NVDA
    indicator: close_50_sma
    curr_date: 2025-12-24
    look_back_days: 30
  get_indicators (call_4NnExbbVY0kiQhMrPlouZ4UE)
 Call ID: call_4NnExbbVY0kiQhMrPlouZ4UE
  Args:
    symbol: NVDA
    indicator: close_200_sma
    curr_date: 2025-12-24
    look_back_days: 30
  get_indicators (call_dT3Dru6TL6Bkz2IYNpVLo2FC)
 Call ID: call_dT3Dru6TL6Bkz2IYNpVLo2FC
  Args:
    symbol: NVDA
    indicator: close_10_ema
    curr_date: 2025-12-24
    look_back_days: 30
  get_indicators (call_V3Vh9ORDoDQtkNR57gJL12rh)
 Call ID: call_V3Vh9ORDoDQtkNR57gJL12rh
  Args:
    symbol: NVDA
    indicator: macd
    curr_date: 2025-12-24
    look_back_days: 30
  get_indicators (call_hHlX1nFrQlurDexx6xXnSXnC)
 Call ID: call_hHlX1nFrQlurDexx6xXnSXnC
  Args:
    symbol: NVDA
    indicator: macds
    curr_date: 2025-12-24
    look_back_days: 30
  get_indicators (call_bfpLy33xpT4BzwAe8mRvUH7d)
 Call ID: call_bfpLy33xpT4BzwAe8mRvUH7d
  Args:
    symbol: NVDA
    indicator: macdh
    curr_date: 2025-12-24
    look_back_days: 30
  get_indicators (call_Rp9jHZpSE0YlK7O0EbAc18FD)
 Call ID: call_Rp9jHZpSE0YlK7O0EbAc18FD
  Args:
    symbol: NVDA
    indicator: rsi
    curr_date: 2025-12-24
    look_back_days: 30
  get_indicators (call_uZ4auF5GB3Q1HPNKs5AZydOz)
 Call ID: call_uZ4auF5GB3Q1HPNKs5AZydOz
  Args:
    symbol: NVDA
    indicator: atr
    curr_date: 2025-12-24
    look_back_days: 30
DEBUG: get_indicators - Primary: [yfinance] | Full fallback order: [yfinance → alpha_vantage → local]
DEBUG: Attempting PRIMARY vendor 'yfinance' for get_indicators (attempt #1)
DEBUG: Calling get_stock_stats_indicators_window from vendor 'yfinance'...
DEBUG get_stock_stats_indicators_window: symbol=NVDA, indicator=close_50_sma, curr_date=2025-12-24, look_back_days=30
DEBUG: Attempting bulk data fetch for close_50_sma...
DEBUG: get_indicators - Primary: [yfinance] | Full fallback order: [yfinance → alpha_vantage → local]
DEBUG: Attempting PRIMARY vendor 'yfinance' for get_indicators (attempt #1)
DEBUG: Calling get_stock_stats_indicators_window from vendor 'yfinance'...
DEBUG get_stock_stats_indicators_window: symbol=NVDA, indicator=close_200_sma, curr_date=2025-12-24, look_back_days=30
DEBUG: Attempting bulk data fetch for close_200_sma...
DEBUG: get_indicators - Primary: [yfinance] | Full fallback order: [yfinance → alpha_vantage → local]
DEBUG: Attempting PRIMARY vendor 'yfinance' for get_indicators (attempt #1)
DEBUG: Calling get_stock_stats_indicators_window from vendor 'yfinance'...
DEBUG get_stock_stats_indicators_window: symbol=NVDA, indicator=close_10_ema, curr_date=2025-12-24, look_back_days=30
DEBUG: Attempting bulk data fetch for close_10_ema...
DEBUG: get_indicators - Primary: [yfinance] | Full fallback order: [yfinance → alpha_vantage → local]
DEBUG: Attempting PRIMARY vendor 'yfinance' for get_indicators (attempt #1)
DEBUG: Calling get_stock_stats_indicators_window from vendor 'yfinance'...
DEBUG get_stock_stats_indicators_window: symbol=NVDA, indicator=macd, curr_date=2025-12-24, look_back_days=30
DEBUG: Attempting bulk data fetch for macd...
DEBUG: get_indicators - Primary: [yfinance] | Full fallback order: [yfinance → alpha_vantage → local]
DEBUG: Attempting PRIMARY vendor 'yfinance' for get_indicators (attempt #1)
DEBUG: Calling get_stock_stats_indicators_window from vendor 'yfinance'...
DEBUG get_stock_stats_indicators_window: symbol=NVDA, indicator=macds, curr_date=2025-12-24, look_back_days=30
DEBUG: Attempting bulk data fetch for macds...
DEBUG: get_indicators - Primary: [yfinance] | Full fallback order: [yfinance → alpha_vantage → local]
DEBUG: Attempting PRIMARY vendor 'yfinance' for get_indicators (attempt #1)
DEBUG: Calling get_stock_stats_indicators_window from vendor 'yfinance'...
DEBUG get_stock_stats_indicators_window: symbol=NVDA, indicator=macdh, curr_date=2025-12-24, look_back_days=30
DEBUG: Attempting bulk data fetch for macdh...
DEBUG: get_indicators - Primary: [yfinance] | Full fallback order: [yfinance → alpha_vantage → local]
DEBUG: Attempting PRIMARY vendor 'yfinance' for get_indicators (attempt #1)
DEBUG: Calling get_stock_stats_indicators_window from vendor 'yfinance'...
DEBUG get_stock_stats_indicators_window: symbol=NVDA, indicator=rsi, curr_date=2025-12-24, look_back_days=30
DEBUG: Attempting bulk data fetch for rsi...
DEBUG: get_indicators - Primary: [yfinance] | Full fallback order: [yfinance → alpha_vantage → local]
DEBUG: Attempting PRIMARY vendor 'yfinance' for get_indicators (attempt #1)
DEBUG: Calling get_stock_stats_indicators_window from vendor 'yfinance'...
DEBUG get_stock_stats_indicators_window: symbol=NVDA, indicator=atr, curr_date=2025-12-24, look_back_days=30
DEBUG: Attempting bulk data fetch for atr...
DEBUG: Bulk data fetch succeeded for macd, got 3773 dates
DEBUG: Successfully built result string for macd
SUCCESS: get_stock_stats_indicators_window from vendor 'yfinance' completed successfully
SUCCESS: Vendor 'yfinance' succeeded - Got 1 result(s)
DEBUG: Stopping after successful vendor 'yfinance' (single-vendor config)
FINAL: Method 'get_indicators' completed with 1 result(s) from 1 vendor attempt(s)
DEBUG: Bulk data fetch succeeded for close_200_sma, got 3773 dates
DEBUG: Successfully built result string for close_200_sma
SUCCESS: get_stock_stats_indicators_window from vendor 'yfinance' completed successfully
SUCCESS: Vendor 'yfinance' succeeded - Got 1 result(s)
DEBUG: Stopping after successful vendor 'yfinance' (single-vendor config)
FINAL: Method 'get_indicators' completed with 1 result(s) from 1 vendor attempt(s)
DEBUG: Bulk data fetch succeeded for close_10_ema, got 3773 dates
DEBUG: Successfully built result string for close_10_ema
SUCCESS: get_stock_stats_indicators_window from vendor 'yfinance' completed successfully
SUCCESS: Vendor 'yfinance' succeeded - Got 1 result(s)
DEBUG: Stopping after successful vendor 'yfinance' (single-vendor config)
FINAL: Method 'get_indicators' completed with 1 result(s) from 1 vendor attempt(s)
DEBUG: Bulk data fetch succeeded for close_50_sma, got 3773 dates
DEBUG: Successfully built result string for close_50_sma
SUCCESS: get_stock_stats_indicators_window from vendor 'yfinance' completed successfully
SUCCESS: Vendor 'yfinance' succeeded - Got 1 result(s)
DEBUG: Stopping after successful vendor 'yfinance' (single-vendor config)
FINAL: Method 'get_indicators' completed with 1 result(s) from 1 vendor attempt(s)
DEBUG: Bulk data fetch succeeded for macdh, got 3773 dates
DEBUG: Successfully built result string for macdh
SUCCESS: get_stock_stats_indicators_window from vendor 'yfinance' completed successfully
SUCCESS: Vendor 'yfinance' succeeded - Got 1 result(s)
DEBUG: Stopping after successful vendor 'yfinance' (single-vendor config)
FINAL: Method 'get_indicators' completed with 1 result(s) from 1 vendor attempt(s)
DEBUG: Bulk data fetch succeeded for atr, got 3773 dates
DEBUG: Successfully built result string for atr
SUCCESS: get_stock_stats_indicators_window from vendor 'yfinance' completed successfully
SUCCESS: Vendor 'yfinance' succeeded - Got 1 result(s)
DEBUG: Stopping after successful vendor 'yfinance' (single-vendor config)
FINAL: Method 'get_indicators' completed with 1 result(s) from 1 vendor attempt(s)
DEBUG: Bulk data fetch succeeded for macds, got 3773 dates
DEBUG: Successfully built result string for macds
SUCCESS: get_stock_stats_indicators_window from vendor 'yfinance' completed successfully
SUCCESS: Vendor 'yfinance' succeeded - Got 1 result(s)
DEBUG: Stopping after successful vendor 'yfinance' (single-vendor config)
FINAL: Method 'get_indicators' completed with 1 result(s) from 1 vendor attempt(s)
DEBUG: Bulk data fetch succeeded for rsi, got 3773 dates
DEBUG: Successfully built result string for rsi
SUCCESS: get_stock_stats_indicators_window from vendor 'yfinance' completed successfully
SUCCESS: Vendor 'yfinance' succeeded - Got 1 result(s)
DEBUG: Stopping after successful vendor 'yfinance' (single-vendor config)
FINAL: Method 'get_indicators' completed with 1 result(s) from 1 vendor attempt(s)
================================= Tool Message =================================
Name: get_indicators

## atr values from 2025-11-24 to 2025-12-24:

2025-12-24: 5.796915817487798
2025-12-23: 6.04129315914251
2025-12-22: 6.011392022571143
2025-12-21: N/A: Not a trading day (weekend or holiday)
2025-12-20: N/A: Not a trading day (weekend or holiday)
2025-12-19: 6.229960780542365
2025-12-18: 6.146881028384566
2025-12-17: 6.218949457100446
2025-12-16: 6.127329902868989
2025-12-15: 6.322508234114319
2025-12-14: N/A: Not a trading day (weekend or holiday)
2025-12-13: N/A: Not a trading day (weekend or holiday)
2025-12-12: 6.5473170293166225
2025-12-11: 6.420186631030882
2025-12-10: 6.363277628640228
2025-12-09: 6.588144950735151
2025-12-08: 6.910310416446749
2025-12-07: N/A: Not a trading day (weekend or holiday)
2025-12-06: N/A: Not a trading day (weekend or holiday)
2025-12-05: 7.011103055902991
2025-12-04: 7.2619571371262985
2025-12-03: 7.440569036797069
2025-12-02: 7.756012004160135
2025-12-01: 7.911114455282754
2025-11-30: N/A: Not a trading day (weekend or holiday)
2025-11-29: N/A: Not a trading day (weekend or holiday)
2025-11-28: 8.010458484552917
2025-11-27: N/A: Not a trading day (weekend or holiday)
2025-11-26: 8.337433479039115
2025-11-25: 8.587258253873113
2025-11-24: 8.247871962886066


ATR: Averages true range to measure volatility. Usage: Set stop-loss levels and adjust position sizes based on current market volatility. Tips: It's a reactive measure, so use it as part of a broader risk management strategy.
================================== Ai Message ==================================

### NVDA 주식 분석 보고서 (2025년 12월 24일 기준)

현재 NVDA (NVIDIA)의 주식은 최근 몇 주에 걸쳐 다양한 기술적 지표에 의해 분석되고 있습니다. 이번 보고서에서는 가격 데이터와 함께 다양한 기술적 지표 분석을 제공합니다.

#### 1. 가격 트렌드
- **최근 닫힘 가격 (Close)**: NVDA의 닫힘 가격은 2025년 12월 23일 189.21입니다. 이는 전주에 비해 지속적으로 오름세를 보이고 있으며, 최근 몇 주의 가격 패턴은 대체로 약세를 보였으나 최근 다시 상승세로 전환하는 양상을 보이고 있습니다.

#### 2. 이동 평균 (Moving Averages)
- **50일 단순 이동 평균 (50 SMA)**: 185.84
  - 이 지표는 중기 트렌드를 나타냅니다. 가격이 50 SMA보다 높을 경우, 상승세를 나타내며, 이를 지지선으로 작용할 가능성이 큽니다.
  
- **200일 단순 이동 평균 (200 SMA)**: 158.71
  - 장기 트렌드의 기준선 역할을 합니다. 200 SMA 위에서 가격이 유지된다면, 장기적으로 상승세가 지속될 가능성이 있습니다.

- **10일 지수 이동 평균 (10 EMA)**: 182.37
  - 짧은 기간 내 트렌드 변화를 민감하게 반영합니다. 현재 가격이 10 EMA 위에서 거래되고 있어, 단기적인 상승 추세를 나타내고 있습니다.

#### 3. MACD (이동 평균 수렴 확산 지표)
- **MACD**: -0.371
  - 이 지표는 최근에 부정적인 모멘텀을 보여주며, 하락세를 지속하고 있습니다. 향후 신호를 주의 깊게 살펴봐야 합니다.
  
- **MACD 신호선 (MACD Signal)**: -1.719
  - MACD가 신호선을 하회하고 있는 상황은 단기적인 하락 신호가 지속되고 있음을 나타냅니다.

- **MACD 히스토그램 (MACD Histogram)**: 1.347
  - MACD와 신호선 간의 차이를 보여주며, 현재 히스토그램이 상승세로 돌입할 가능성이 있지만, 여전히 부정적인 수치입니다.

#### 4. 상대 강도 지수 (RSI)
- **RSI**: 56.89
  - RSI가 50 이상으로 지나치게 오버바잇되지는 않았지만, 약간의 과매수 영역에 접어들고 있습니다. 70 이상으로 상승하지 않는 한, 크게 우려할 필요는 없어 보입니다.

#### 5. 변동성 지표 (ATR)
- **평균 진폭 범위 (ATR)**: 5.80
  - 시장의 변동성이 낮아지고 있음을 나타내며, 이는 거래자들이 활발히 매매를 하기에 적합한 환경을 만들 수 있습니다.

### 결론
현재 NVDA의 기술적 지표들은 단기적으로 개선의 여지를 보여주고 있으나, 최근 하락세가 지속되었던 점도 감안해야 합니다. 특정 고가 저가 내에서의 움직임을 주의 깊게 모니터링 할 필요가 있습니다. 다음 단계로는 매수 신호가 명확히 나타날 때까지 기다리는 것이 좋겠으며, 이는 보다 안전한 접근을 가능하게 합니다.

| 지표                | 값               | 해석                               |
|---------------------|------------------|------------------------------------|
| 50 SMA              | 185.84           | 중기 상승세 지지선                 |
| 200 SMA             | 158.71           | 장기 상승세 확인                   |
| 10 EMA              | 182.37           | 단기 상승세 확인                   |
| MACD                | -0.371           | 단기 하락세 지속                   |
| MACD Signal         | -1.719           | 하락 신호 지속                     |
| MACD Histogram       | 1.347            | 개선 가능성                      |
| RSI                 | 56.89            | 과매수 위험 없음                  |
| ATR                 | 5.80             | 낮은 변동성, 안정적인 환경        |

이 보고서를 바탕으로 투자 결정을 내리시기를 바랍니다. 분석 결과를 바탕으로 **매수/보유/매도** 결정을 내리시기 적합한 시점에 대한 판단이 필요합니다.
================================ Human Message =================================

Continue
================================== Ai Message ==================================
Tool Calls:
  get_news (call_IYjSywZp2KyFwZxuB0p6IzLW)
 Call ID: call_IYjSywZp2KyFwZxuB0p6IzLW
  Args:
    ticker: NVDA
    start_date: 2025-12-17
    end_date: 2025-12-24
DEBUG: get_news - Primary: [alpha_vantage] | Full fallback order: [alpha_vantage → openai → google → local]
DEBUG: Attempting PRIMARY vendor 'alpha_vantage' for get_news (attempt #1)
DEBUG: Calling get_news from vendor 'alpha_vantage'...
FAILED: get_news from vendor 'alpha_vantage' failed: ALPHA_VANTAGE_API_KEY environment variable is not set.
FAILED: Vendor 'alpha_vantage' produced no results
DEBUG: Attempting FALLBACK vendor 'openai' for get_news (attempt #2)
DEBUG: Calling get_stock_news_openai from vendor 'openai'...
SUCCESS: get_stock_news_openai from vendor 'openai' completed successfully
SUCCESS: Vendor 'openai' succeeded - Got 1 result(s)
DEBUG: Stopping after successful vendor 'openai' (single-vendor config)
FINAL: Method 'get_news' completed with 1 result(s) from 2 vendor attempt(s)
================================= Tool Message =================================
Name: get_news

Between December 17 and December 24, 2025, NVIDIA Corporation (NVDA) experienced notable activity on social media platforms, particularly on X (formerly Twitter). Here's a summary of the key discussions and sentiments during that period:

**December 17, 2025:**

- **Stock Performance:** NVDA's stock closed at $170.94 on December 17, 2025, marking a 27.7% increase over the past year. ([statmuse.com](https://www.statmuse.com/money/ask/nvda-close-past-12-month?utm_source=openai))

- **Social Media Sentiment:** Traders on X expressed mixed views:
  - @TechTraderAI highlighted support at $172 and maintained a bullish outlook.
  - @BearishBets noted a break below the 50-day SMA and expressed bearish sentiment.
  - @OptionsFlowPro observed heavy call volume, indicating bullish momentum.

**December 18, 2025:**

- **Stock Performance:** The stock price rose to $174.14, with a trading volume of 176,096,000 shares. ([statmuse.com](https://www.statmuse.com/money/ask/nvda-2025?utm_source=openai))

- **Social Media Sentiment:** Discussions continued with a bullish lean, as options flow mentions outweighed tariff concerns.

**December 19, 2025:**

- **Stock Performance:** NVDA's stock reached $180.99, with a trading volume of 324,925,875 shares. ([statmuse.com](https://www.statmuse.com/money/ask/nvda-2025?utm_source=openai))

- **Social Media Sentiment:** The bullish sentiment persisted, with traders focusing on AI catalysts and potential rebounds.

**December 24, 2025:**

- **Stock Performance:** NVDA's stock cleared a major resistance level at $194.17, breaking out of a "cup and handle" pattern. ([business.times-online.com](https://business.times-online.com/times-online/article/marketminute-2025-12-24-nvidia-breaks-out-nvda-clears-critical-technical-barrier-as-blackwell-dominance-fuels-s-and-p-500-year-end-surge?utm_source=openai))

- **Social Media Sentiment:** The breakout led to increased discussions, with traders expressing optimism about NVDA's future performance.

Overall, during this period, NVDA's stock performance and developments in AI technology contributed to a predominantly bullish sentiment on social media platforms.

## Stock market information for NVIDIA Corp (NVDA)
- NVIDIA Corp is a equity in the USA market.
- The price is 190.53 USD currently with a change of 1.93 USD (0.01%) from the previous close.
- The latest open price was 189.89 USD and the intraday volume is 139740292.
- The intraday high is 192.67 USD and the intraday low is 189.5 USD.
- The latest trade time is Friday, December 26, 17:15:00 PST.
 
/Users/kyeongchanlee/projects/recsys_service_deployment/trading_agent/tradingagents/dataflows/fred.py:17: FutureWarning: DataFrame.fillna with 'method' is deprecated and will raise in a future version. Use obj.ffill() or obj.bfill() instead.
  df = df.fillna(method='ffill')
/Users/kyeongchanlee/projects/recsys_service_deployment/trading_agent/tradingagents/dataflows/fred.py:38: FutureWarning: DataFrame.fillna with 'method' is deprecated and will raise in a future version. Use obj.ffill() or obj.bfill() instead.
  df = df.fillna(method='ffill')
================================== Ai Message ==================================

### NVIDIA Corporation (NVDA) 분석 보고서

NVIDIA Corporation(엔비디아, NVDA)의 최근 한 주간 소셜 미디어 동향, 주식 정보 및 감정 분석을 종합하여, 투자자 및 거래자들에게 유용한 인사이트를 제공합니다. 아래는 2025년 12월 17일부터 12월 24일까지의 주요 내용입니다.

#### 1. 주식 성과
- **2025년 12월 17일:** NVDA 주가는 $170.94로, 지난 해 대비 27.7% 상승.
- **2025년 12월 18일:** 주가 상승하여 $174.14, 거래량 176,096,000주.
- **2025년 12월 19일:** 주가는 $180.99에 도달, 거래량 324,925,875주.
- **2025년 12월 24일:** 주요 저항선인 $194.17을 돌파하며 "컵과 손잡이" 패턴을 완성.

이 기간 동안 NVDA의 주가는 급격한 상승세를 보이며 강한 거래량을 기록했습니다.

#### 2. 소셜 미디어 sentiment 분석
- **전반적으로:** 소셜 미디어 플랫폼인 X(구 Twitter)에서의 트레이더 반응은 대체로 긍정적이었습니다.
  - **12월 17일:** 
    - @TechTraderAI는 $172에서의 지지선과 강세 전망을 언급.
    - @BearishBets는 50일 이동 평균선 이하로 하락하여 약세를 시사.
    - @OptionsFlowPro는 큰 콜옵션 거래량이 증가했다고 보고, 이는 강세 신호로 해석됨.
  
- **12월 18일:** 옵션 흐름에 대한 언급이 증가하며 긍정적인 감정이 지속.
- **12월 19일:** AI 기술에 대한 기대감과 주가 회복에 초점이 맞춰짐.
- **12월 24일:** 주가의 주요 저항선 돌파 이후, 트레이더들 사이에 긍정적인 반응이 증가.

#### 3. 최근 뉴스
- 사업 부문에서의 AI 기술 발전과 시장의 긍정적인 반응이 주가에 긍정적인 영향을 미친 것으로 보입니다. NVDA의 주가는 기술적 분석에서의 저항선突破와 함께 S&P 500 지수의 연말 급등을 주도하고 있습니다.

### 결론 및 투자 제안
현재 NVDA는 기술적 지표와 소셜 미디어에서의 감정 분석 모두 긍정적인 방향을 보이고 있으며, 이는 단기적 매매 기회로 이어질 수 있습니다. 장기적인 관점에서도 AI 산업의 성장과 함께 행보가 기대되는 종목입니다.

#### 최종 거래 제안: FINAL TRANSACTION PROPOSAL: **BUY**

| 날짜          | 주가       | 주식 거래량     | 소셜 미디어 주요 감정       | 비고                    |
|---------------|------------|------------------|--------------------------|--------------------------|
| 2025-12-17 | $170.94   | -                | 혼합된 감정               | 강세, 약세 의견 혼재     |
| 2025-12-18 | $174.14   | 176,096,000     | 긍정적 반응             | -                        |
| 2025-12-19 | $180.99   | 324,925,875     | 강세 감정 지속          | AI 기술 기대감 반영      |
| 2025-12-24 | $194.17   | -                | 매우 긍정적             | 주요 저항선突破          |

이 분석이 NVDA에 대한 투자 결정을 내리는 데 도움이 되기를 바랍니다.
================================ Human Message =================================

Continue
================================== Ai Message ==================================
Tool Calls:
  get_global_news (call_12VpIhnIRhI3qa88Eyatc7nW)
 Call ID: call_12VpIhnIRhI3qa88Eyatc7nW
  Args:
    curr_date: 2025-12-24
    look_back_days: 7
  get_net_liquidity_tool (call_yLwV4epxJhP8AKdOSp95CNVA)
 Call ID: call_yLwV4epxJhP8AKdOSp95CNVA
  Args:
    curr_date: 2025-12-24
    lookback_days: 90
  get_macro_indicators_tool (call_tgQZUPRZWq7eysFhNM7qs8zk)
 Call ID: call_tgQZUPRZWq7eysFhNM7qs8zk
  Args:
    curr_date: 2025-12-24
DEBUG: get_global_news - Primary: [alpha_vantage] | Full fallback order: [alpha_vantage → openai → local]
INFO: Vendor 'alpha_vantage' not supported for method 'get_global_news', falling back to next vendor
DEBUG: Attempting FALLBACK vendor 'openai' for get_global_news (attempt #1)
DEBUG: Calling get_global_news_openai from vendor 'openai'...
SUCCESS: get_global_news_openai from vendor 'openai' completed successfully
SUCCESS: Vendor 'openai' succeeded - Got 1 result(s)
DEBUG: Stopping after successful vendor 'openai' (single-vendor config)
FINAL: Method 'get_global_news' completed with 1 result(s) from 1 vendor attempt(s)
================================= Tool Message =================================
Name: get_macro_indicators_tool

Latest Macro Indicators:
            CPIAUCSL      PCE  UNRATE  DGS10  DGS2  Yield_Curve
DATE                                                           
2025-12-16   325.031  21152.2     4.6   4.15  3.48         0.67
2025-12-17   325.031  21152.2     4.6   4.16  3.49         0.67
2025-12-18   325.031  21152.2     4.6   4.12  3.46         0.66
2025-12-19   325.031  21152.2     4.6   4.16  3.48         0.68
2025-12-22   325.031  21152.2     4.6   4.17  3.44         0.73
================================== Ai Message ==================================

### 글로벌 경제 및 트렌드 분석 보고서 (2025년 12월 24일)

최근 일주일간(12월 17일 - 12월 24일) 발생한 주요 경제 지표와 사건들은 매크로 경제 및 자산 가격 변화에 중요한 영향을 미치고 있습니다. 다음은 각각의 요소와 이에 따른 투자 전략을 분석한 내용입니다.

#### 1. **순유동성 (Net Liquidity)**
- **현재 순유동성**: 5,723,763.20억 달러로 **증가 중**입니다.
- **20일 이동 평균**: 5,666,674.15억 달러
- **해석**: 순유동성이 증가하고 있다는 것은 시장에 자금이 더 많아지고 있음을 나타내며, 이로 인해 주식 비중을 높이는 것이 유리할 수 있습니다. 자본 유입이 증가하므로 주식시장에 긍정적인 영향을 미칠 것이라고 추측할 수 있습니다.

#### 2. **인플레이션 및 고용 지표**
- **소비자물가지수 (CPI)**: 325.031
- **개인소비지출 (PCE)**: 21,152.2
- **실업률**: 4.6% 
- **금리(10년, 2년 차이)**: 10년물 금리 4.15%, 2년물 금리 3.48%, 금리 차이 0.67%
- **해석**: 실업률이 4.6%로 증가하여 이는 고용 시장에 부정적인 신호를 보냅니다. 높은 인플레이션과 함께 실업률이 상승하는 것은 연준의 금리 인상을 유도할 수 있는 상황입니다. 따라서, 방어적 포지션을 취하는 것이 필요할 수 있으며, 채권에 대한 수요 증가가 예상됩니다.

#### 3. **시장 심리**
- 최근 아시아, 유럽, 미국 등 주요 경제권의 PMI 지수가 하락했습니다. 이는 전반적인 비즈니스 활동의 둔화를 의미하며, 투자자들 사이의 불확실성을 증가시키고 있습니다.
- **영국의 인플레이션**이 3.2%로 하락하면서 금리 인하에 대한 기대가 증가하고 있습니다.
- **해석**: 긍정적인 기대가 있는 반면, 경제 전반에 걸쳐 둔화 신호가 나오는 만큼, 고위험 자산에 대한 신중함이 요구됩니다.

### 결론 및 투자 제안
1. **순유동성이 증가하는 것**에서 주식 비중을 높이는 것이 적절합니다.
2. **실업률 상승**과 **인플레이션 고수**로 인해 방어적인 투자 전략을 고려할 필요가 있습니다.
3. **금리 차이**가 존재하는 것으로 보아, 고위험 자산보다는 안전 자산을 선호하여 포트폴리오를 조정할 수 있습니다.

| 지표               | 현재 값                | 해석                                      |
|------------------|------------------|-----------------------------------------|
| 순유동성           | 5,723,763.20억 달러 | 시장에 자금 유입 → 주식 비중 ↑          |
| 실업률             | 4.6%               | 고용 시장 둔화 신호 → 방어적 포지션 필요  |
| CPI                | 325.031           | 인플레이션 지속 → 금리 인상 우려       |
| 금리 차이         | 0.67%             | 안전 자산 선호의 신호                   |

이 분석은 자산 배분 및 투자 결정을 위한 가이드를 제시합니다. 경제 지표와 시장의 반응을 주의 깊게 살펴보는 것이 중요합니다. 

최종 거래 제안: FINAL TRANSACTION PROPOSAL: **HOLD**.
================================ Human Message =================================

Continue
================================== Ai Message ==================================
Tool Calls:
  get_fundamentals (call_rA5BlgIPdrRv3HsPx6OELSc8)
 Call ID: call_rA5BlgIPdrRv3HsPx6OELSc8
  Args:
    ticker: NVDA
    curr_date: 2025-12-24
  get_balance_sheet (call_PKbkRAHt5DIHWPrDe2DQCo1r)
 Call ID: call_PKbkRAHt5DIHWPrDe2DQCo1r
  Args:
    ticker: NVDA
    freq: quarterly
    curr_date: 2025-12-24
  get_cashflow (call_aH2WLLkmLe99IFbuUAtjqpvD)
 Call ID: call_aH2WLLkmLe99IFbuUAtjqpvD
  Args:
    ticker: NVDA
    freq: quarterly
    curr_date: 2025-12-24
  get_income_statement (call_0mbh6Ab77I8KNhm2lWb5UvnL)
 Call ID: call_0mbh6Ab77I8KNhm2lWb5UvnL
  Args:
    ticker: NVDA
    freq: quarterly
    curr_date: 2025-12-24
DEBUG: get_fundamentals - Primary: [alpha_vantage] | Full fallback order: [alpha_vantage → openai]
DEBUG: Attempting PRIMARY vendor 'alpha_vantage' for get_fundamentals (attempt #1)
DEBUG: Calling get_fundamentals from vendor 'alpha_vantage'...
FAILED: get_fundamentals from vendor 'alpha_vantage' failed: ALPHA_VANTAGE_API_KEY environment variable is not set.
FAILED: Vendor 'alpha_vantage' produced no results
DEBUG: Attempting FALLBACK vendor 'openai' for get_fundamentals (attempt #2)
DEBUG: Calling get_fundamentals_openai from vendor 'openai'...
DEBUG: get_balance_sheet - Primary: [alpha_vantage] | Full fallback order: [alpha_vantage → yfinance → local]
DEBUG: Attempting PRIMARY vendor 'alpha_vantage' for get_balance_sheet (attempt #1)
DEBUG: Calling get_balance_sheet from vendor 'alpha_vantage'...
FAILED: get_balance_sheet from vendor 'alpha_vantage' failed: ALPHA_VANTAGE_API_KEY environment variable is not set.
FAILED: Vendor 'alpha_vantage' produced no results
DEBUG: Attempting FALLBACK vendor 'yfinance' for get_balance_sheet (attempt #2)
DEBUG: Calling get_balance_sheet from vendor 'yfinance'...
DEBUG: get_cashflow - Primary: [alpha_vantage] | Full fallback order: [alpha_vantage → yfinance → local]
DEBUG: Attempting PRIMARY vendor 'alpha_vantage' for get_cashflow (attempt #1)
DEBUG: Calling get_cashflow from vendor 'alpha_vantage'...
FAILED: get_cashflow from vendor 'alpha_vantage' failed: ALPHA_VANTAGE_API_KEY environment variable is not set.
FAILED: Vendor 'alpha_vantage' produced no results
DEBUG: Attempting FALLBACK vendor 'yfinance' for get_cashflow (attempt #2)
DEBUG: Calling get_cashflow from vendor 'yfinance'...
DEBUG: get_income_statement - Primary: [alpha_vantage] | Full fallback order: [alpha_vantage → yfinance → local]
DEBUG: Attempting PRIMARY vendor 'alpha_vantage' for get_income_statement (attempt #1)
DEBUG: Calling get_income_statement from vendor 'alpha_vantage'...
FAILED: get_income_statement from vendor 'alpha_vantage' failed: ALPHA_VANTAGE_API_KEY environment variable is not set.
FAILED: Vendor 'alpha_vantage' produced no results
DEBUG: Attempting FALLBACK vendor 'yfinance' for get_income_statement (attempt #2)
DEBUG: Calling get_income_statement from vendor 'yfinance'...
SUCCESS: get_cashflow from vendor 'yfinance' completed successfully
SUCCESS: Vendor 'yfinance' succeeded - Got 1 result(s)
DEBUG: Stopping after successful vendor 'yfinance' (single-vendor config)
FINAL: Method 'get_cashflow' completed with 1 result(s) from 2 vendor attempt(s)
SUCCESS: get_income_statement from vendor 'yfinance' completed successfully
SUCCESS: Vendor 'yfinance' succeeded - Got 1 result(s)
DEBUG: Stopping after successful vendor 'yfinance' (single-vendor config)
FINAL: Method 'get_income_statement' completed with 1 result(s) from 2 vendor attempt(s)
SUCCESS: get_balance_sheet from vendor 'yfinance' completed successfully
SUCCESS: Vendor 'yfinance' succeeded - Got 1 result(s)
DEBUG: Stopping after successful vendor 'yfinance' (single-vendor config)
FINAL: Method 'get_balance_sheet' completed with 1 result(s) from 2 vendor attempt(s)
SUCCESS: get_fundamentals_openai from vendor 'openai' completed successfully
SUCCESS: Vendor 'openai' succeeded - Got 1 result(s)
DEBUG: Stopping after successful vendor 'openai' (single-vendor config)
FINAL: Method 'get_fundamentals' completed with 1 result(s) from 2 vendor attempt(s)
================================= Tool Message =================================
Name: get_income_statement

# Income Statement data for NVDA (quarterly)
# Data retrieved on: 2025-12-28 01:21:37

,2025-10-31,2025-07-31,2025-04-30,2025-01-31,2024-10-31
Tax Effect Of Unusual Items,0.0,0.0,0.0,0.0,0.0
Tax Rate For Calcs,0.158846,0.153304,0.143,0.123964,0.134746
Normalized EBITDA,38748000000.0,31937000000.0,22584000000.0,25821000000.0,22855000000.0
Net Income From Continuing Operation Net Minority Interest,31910000000.0,26422000000.0,18775000000.0,22091000000.0,19309000000.0
Reconciled Depreciation,751000000.0,669000000.0,611000000.0,543000000.0,478000000.0
Reconciled Cost Of Revenue,15157000000.0,12890000000.0,17394000000.0,10608000000.0,8926000000.0
EBITDA,38748000000.0,31937000000.0,22584000000.0,25821000000.0,22855000000.0
EBIT,37997000000.0,31268000000.0,21973000000.0,25278000000.0,22377000000.0
Net Interest Income,563000000.0,530000000.0,452000000.0,450000000.0,411000000.0
Interest Expense,61000000.0,62000000.0,63000000.0,61000000.0,61000000.0
Interest Income,624000000.0,592000000.0,515000000.0,511000000.0,472000000.0
Normalized Income,31910000000.0,26422000000.0,18775000000.0,22091000000.0,19309000000.0
Net Income From Continuing And Discontinued Operation,31910000000.0,26422000000.0,18775000000.0,22091000000.0,19309000000.0
Total Expenses,20996000000.0,18303000000.0,22424000000.0,15297000000.0,13213000000.0
Total Operating Income As Reported,36010000000.0,28440000000.0,21638000000.0,24034000000.0,21869000000.0
Diluted Average Shares,24483000000.0,24532000000.0,24611000000.0,24706000000.0,24774000000.0
Basic Average Shares,24327000000.0,24366000000.0,24441000000.0,24489000000.0,24533000000.0
Diluted EPS,1.3,1.08,0.76,0.89,0.78
Basic EPS,1.31,1.08,0.77,0.9,0.79
Diluted NI Availto Com Stockholders,31910000000.0,26422000000.0,18775000000.0,22091000000.0,19309000000.0
Net Income Common Stockholders,31910000000.0,26422000000.0,18775000000.0,22091000000.0,19309000000.0
Net Income,31910000000.0,26422000000.0,18775000000.0,22091000000.0,19309000000.0
Net Income Including Noncontrolling Interests,31910000000.0,26422000000.0,18775000000.0,22091000000.0,19309000000.0
Net Income Continuous Operations,31910000000.0,26422000000.0,18775000000.0,22091000000.0,19309000000.0
Tax Provision,6026000000.0,4784000000.0,3135000000.0,3126000000.0,3007000000.0
Pretax Income,37936000000.0,31206000000.0,21910000000.0,25217000000.0,22316000000.0
Other Income Expense,1363000000.0,2236000000.0,-180000000.0,733000000.0,36000000.0
Other Non Operating Income Expenses,1363000000.0,2236000000.0,-180000000.0,733000000.0,36000000.0
Net Non Operating Interest Income Expense,563000000.0,530000000.0,452000000.0,450000000.0,411000000.0
Interest Expense Non Operating,61000000.0,62000000.0,63000000.0,61000000.0,61000000.0
Interest Income Non Operating,624000000.0,592000000.0,515000000.0,511000000.0,472000000.0
Operating Income,36010000000.0,28440000000.0,21638000000.0,24034000000.0,21869000000.0
Operating Expense,5839000000.0,5413000000.0,5030000000.0,4689000000.0,4287000000.0
Research And Development,4705000000.0,4291000000.0,3989000000.0,3714000000.0,3390000000.0
Selling General And Administration,1134000000.0,1122000000.0,1041000000.0,975000000.0,897000000.0
Gross Profit,41849000000.0,33853000000.0,26668000000.0,28723000000.0,26156000000.0
Cost Of Revenue,15157000000.0,12890000000.0,17394000000.0,10608000000.0,8926000000.0
Total Revenue,57006000000.0,46743000000.0,44062000000.0,39331000000.0,35082000000.0
Operating Revenue,57006000000.0,46743000000.0,44062000000.0,39331000000.0,35082000000.0

================================== Ai Message ==================================

# NVIDIA Corporation (NVDA) Fundamental Analysis Report (2025년 12월 24일 기준)

NVIDIA Corporation (NVDA)의 최근 기본적인 재무 정보를 아래와 같이 분석합니다. 이 분석은 주식 거래자들이 투자 결정을 내리는 데 도움을 줄 수 있도록 설계되었습니다.

## 회사 프로필
NVIDIA는 그래픽 처리 장치(GPU), AI(인공지능), 데이터 센터 솔루션, GPU 기반 컴퓨팅 및 게임 기술을 포함하여 다수의 테크놀로지를 개발하며, 주로 미국 시장에 상장되어 있습니다. 최근 몇 년 간 AI 및 머신러닝 분야에서 빠르게 성장하며 시장에서 중요한 입지를 확보하고 있습니다.

---

## 재무 성과 개요

### 1. 주식 시장 정보
- 현재 주가: **190.53 USD**
- 주가 변동: **+1.93 USD (0.01%)**
- 거래량: **139,740,292 주**
- 최근 거래 기록: **2025년 12월 26일**

NVIDIA의 주가는 지난 한 달 동안 약 **11%** 하락했습니다. 이는 AI 부문에서의 경쟁 심화와 AI 투자 지속 가능성에 대한 우려로 인해 영향을 받았습니다. 그러나 애널리스트들은 평균 12개월 목표 주가를 **257.49 USD**로 설정하며, 이는 약 **35%**의 상승 잠재력을 보여주고 있습니다.

### 2. 손익계산서 (Income Statement)
NVIDIA의 최근 손익계산서를 살펴보면 다음과 같습니다:

| 항목 | 2025년 10월 | 2025년 07월 | 2025년 04월 |
|------|--------------|--------------|--------------|
| 총 수익 | 57,006,000,000 USD | 46,743,000,000 USD | 44,062,000,000 USD |
| 총 비용 | 20,996,000,000 USD | 18,303,000,000 USD | 22,424,000,000 USD |
| 순이익(지속적 운영) | 31,910,000,000 USD | 26,422,000,000 USD | 18,775,000,000 USD |
| 기본 EPS | 1.31 | 1.08 | 0.77 |

NVIDIA는 2025년 1분기 동안 전년 대비 **69%**의 성장률을 기록하며, 강력한 수익성을 보이고 있습니다. 그러나 U.S. 수출 규제에 따른 **45억 달러**의 비용이 발생했습니다.

### 3. 재무상태표 (Balance Sheet)
최근 재무상태표 데이터를 통해 기업의 재무 건전성을 분석합니다:

| 항목 | 2025년 10월 | 2025년 07월 |
|------|--------------|--------------|
| 총 자산 | 161,148,000,000 USD | 140,740,000,000 USD |
| 총 부채 | 42,251,000,000 USD | 40,609,000,000 USD |
| 주주 자본 | 118,897,000,000 USD | 100,131,000,000 USD |
| 순차입금 | 2,123,000,000 USD | - |

NVIDIA는 강력한 자산 기반을 가지고 있으며, 최근 몇 분기 동안 자산이 증가하는 추세에 있습니다. 주주 자본도 전년 대비 크게 증가했습니다.

### 4. 현금흐름표 (Cash Flow Statement)
현금 흐름 성과는 아래와 같습니다:

| 항목 | 2025년 10월 | 2025년 07월 |
|------|--------------|--------------|
| 운영 현금 흐름 | 23,751,000,000 USD | 15,365,000,000 USD |
| 자유현금흐름 | 22,115,000,000 USD | 13,470,000,000 USD |
| 장기 자본 지출 | -1,636,000,000 USD | -1,895,000,000 USD |

NVIDIA는 운용 현금 흐름 상당히 긍정적이며, 이는 기업의 재무 건전성을 더욱 강화하는 요소로 작용합니다.

---

## 결론 및 거래 제안
NVIDIA는 AI와 데이터 센터 시장에서 강력한 입지를 가지고 있으며, 최근 재무 성과는 긍정적으로 평가됩니다. 그러나 경쟁 심화와 규제 부담으로 인해 단기적인 주가 변동성이 클 수 있습니다. 그러나 기본적인 재무 지표들은 여전히 견고하며, 자산 성장이 지속되고 있습니다.

따라서 현 시점에서의 거래 제안은 다음과 같습니다.

FINAL TRANSACTION PROPOSAL: **BUY**
================================ Human Message =================================

Continue
================================ Human Message =================================

Continue
================================ Human Message =================================

Continue
================================ Human Message =================================

Continue
================================== Ai Message ==================================

고객님의 투자 성향에 따라 아래와 같은 분석을 기반으로 NVDA에 대한 투자 결정을 내리겠습니다.

고객님이 장기적인 투자 수익을 추구하며, 기술주에 대한 높은 수용성과 투자 위험을 감수할 수 있는 분이라고 가정하겠습니다. 이러한 성향은 NVIDIA(NVDA)와 같은 기업에 대한 긍정적인 전망을 보강하는 요소로 작용합니다.

주요 분석 포인트:
1. **구조적 성장 트렌드**: AI 및 데이터센터 수요의 강력한 성장 가능성은 NVIDIA의 계속적인 성장을 뒷받침합니다. AI 및 머신러닝의 수요는 앞으로도 멈춤이 없을 것으로 보이며, NVIDIA가 이 시장에서 가지는 독점적 지위는 매우 중요합니다.
  
2. **기술적 회복력**: NVIDIA는 과거에도 주가 조정 후 안정적인 회복세를 보여왔습니다. 현재 RSI가 56.9로 과매수 구간이 아니므로, 기술적 매수 신호로 해석할 수 있습니다.

3. **리스크 관리 여지**: 적정한 가격에서 분할 매수를 통해 리스크를 분산할 수 있으며, 현재 가격이 조정 구간에 있다면 매수 기회로 삼아야 합니다.

이를 바탕으로, 저는 다음과 같은 투자 결정을 내리겠습니다.

**전략적 실행 방안:**
- **포지션 규모 설정**: 고객님의 포트폴리오의 5~7%를 초기 매수에 할당합니다.
- **분할 매수**: 현재가(약 194달러)에서 60%를 먼저 매수하고, 이후 10% 하락 시 나머지 40%를 추가 매수합니다.
- **손절 및 익절 기준**: 손절가는 10% 하락 시 설정하고, 익절 목표가는 257달러로 설정하되, 15~20% 수익 구간에서 일부 익절을 고려합니다.
- **리스크 헷지**: 변동성이 매우 클 경우에는 풋옵션 매수를 통해 하방 리스크를 체계적으로 관리합니다.

과거 실수에서 배운 교훈도 반영하여, 감정적으로 대응하지 않고 분할 매수와 명확한 손절 기준을 설정하여 리스크를 관리할 수 있도록 하겠습니다.

결론적으로, 고객님께서는 NVDA를 매수하는 것이 좋다고 판단합니다. 이는 고객님의 장기 투자 전략과 리스크 관리 접근 방법에 부합하며, 시장의 성장 가능성을 충분히 염두에 두었습니다.

FINAL TRANSACTION PROPOSAL: **BUY**
================================== Ai Message ==================================

고객님의 투자 성향에 따라 아래와 같은 분석을 기반으로 NVDA에 대한 투자 결정을 내리겠습니다.

고객님이 장기적인 투자 수익을 추구하며, 기술주에 대한 높은 수용성과 투자 위험을 감수할 수 있는 분이라고 가정하겠습니다. 이러한 성향은 NVIDIA(NVDA)와 같은 기업에 대한 긍정적인 전망을 보강하는 요소로 작용합니다.

주요 분석 포인트:
1. **구조적 성장 트렌드**: AI 및 데이터센터 수요의 강력한 성장 가능성은 NVIDIA의 계속적인 성장을 뒷받침합니다. AI 및 머신러닝의 수요는 앞으로도 멈춤이 없을 것으로 보이며, NVIDIA가 이 시장에서 가지는 독점적 지위는 매우 중요합니다.
  
2. **기술적 회복력**: NVIDIA는 과거에도 주가 조정 후 안정적인 회복세를 보여왔습니다. 현재 RSI가 56.9로 과매수 구간이 아니므로, 기술적 매수 신호로 해석할 수 있습니다.

3. **리스크 관리 여지**: 적정한 가격에서 분할 매수를 통해 리스크를 분산할 수 있으며, 현재 가격이 조정 구간에 있다면 매수 기회로 삼아야 합니다.

이를 바탕으로, 저는 다음과 같은 투자 결정을 내리겠습니다.

**전략적 실행 방안:**
- **포지션 규모 설정**: 고객님의 포트폴리오의 5~7%를 초기 매수에 할당합니다.
- **분할 매수**: 현재가(약 194달러)에서 60%를 먼저 매수하고, 이후 10% 하락 시 나머지 40%를 추가 매수합니다.
- **손절 및 익절 기준**: 손절가는 10% 하락 시 설정하고, 익절 목표가는 257달러로 설정하되, 15~20% 수익 구간에서 일부 익절을 고려합니다.
- **리스크 헷지**: 변동성이 매우 클 경우에는 풋옵션 매수를 통해 하방 리스크를 체계적으로 관리합니다.

과거 실수에서 배운 교훈도 반영하여, 감정적으로 대응하지 않고 분할 매수와 명확한 손절 기준을 설정하여 리스크를 관리할 수 있도록 하겠습니다.

결론적으로, 고객님께서는 NVDA를 매수하는 것이 좋다고 판단합니다. 이는 고객님의 장기 투자 전략과 리스크 관리 접근 방법에 부합하며, 시장의 성장 가능성을 충분히 염두에 두었습니다.

FINAL TRANSACTION PROPOSAL: **BUY**
================================== Ai Message ==================================

고객님의 투자 성향에 따라 아래와 같은 분석을 기반으로 NVDA에 대한 투자 결정을 내리겠습니다.

고객님이 장기적인 투자 수익을 추구하며, 기술주에 대한 높은 수용성과 투자 위험을 감수할 수 있는 분이라고 가정하겠습니다. 이러한 성향은 NVIDIA(NVDA)와 같은 기업에 대한 긍정적인 전망을 보강하는 요소로 작용합니다.

주요 분석 포인트:
1. **구조적 성장 트렌드**: AI 및 데이터센터 수요의 강력한 성장 가능성은 NVIDIA의 계속적인 성장을 뒷받침합니다. AI 및 머신러닝의 수요는 앞으로도 멈춤이 없을 것으로 보이며, NVIDIA가 이 시장에서 가지는 독점적 지위는 매우 중요합니다.
  
2. **기술적 회복력**: NVIDIA는 과거에도 주가 조정 후 안정적인 회복세를 보여왔습니다. 현재 RSI가 56.9로 과매수 구간이 아니므로, 기술적 매수 신호로 해석할 수 있습니다.

3. **리스크 관리 여지**: 적정한 가격에서 분할 매수를 통해 리스크를 분산할 수 있으며, 현재 가격이 조정 구간에 있다면 매수 기회로 삼아야 합니다.

이를 바탕으로, 저는 다음과 같은 투자 결정을 내리겠습니다.

**전략적 실행 방안:**
- **포지션 규모 설정**: 고객님의 포트폴리오의 5~7%를 초기 매수에 할당합니다.
- **분할 매수**: 현재가(약 194달러)에서 60%를 먼저 매수하고, 이후 10% 하락 시 나머지 40%를 추가 매수합니다.
- **손절 및 익절 기준**: 손절가는 10% 하락 시 설정하고, 익절 목표가는 257달러로 설정하되, 15~20% 수익 구간에서 일부 익절을 고려합니다.
- **리스크 헷지**: 변동성이 매우 클 경우에는 풋옵션 매수를 통해 하방 리스크를 체계적으로 관리합니다.

과거 실수에서 배운 교훈도 반영하여, 감정적으로 대응하지 않고 분할 매수와 명확한 손절 기준을 설정하여 리스크를 관리할 수 있도록 하겠습니다.

결론적으로, 고객님께서는 NVDA를 매수하는 것이 좋다고 판단합니다. 이는 고객님의 장기 투자 전략과 리스크 관리 접근 방법에 부합하며, 시장의 성장 가능성을 충분히 염두에 두었습니다.

FINAL TRANSACTION PROPOSAL: **BUY**
================================== Ai Message ==================================

고객님의 투자 성향에 따라 아래와 같은 분석을 기반으로 NVDA에 대한 투자 결정을 내리겠습니다.

고객님이 장기적인 투자 수익을 추구하며, 기술주에 대한 높은 수용성과 투자 위험을 감수할 수 있는 분이라고 가정하겠습니다. 이러한 성향은 NVIDIA(NVDA)와 같은 기업에 대한 긍정적인 전망을 보강하는 요소로 작용합니다.

주요 분석 포인트:
1. **구조적 성장 트렌드**: AI 및 데이터센터 수요의 강력한 성장 가능성은 NVIDIA의 계속적인 성장을 뒷받침합니다. AI 및 머신러닝의 수요는 앞으로도 멈춤이 없을 것으로 보이며, NVIDIA가 이 시장에서 가지는 독점적 지위는 매우 중요합니다.
  
2. **기술적 회복력**: NVIDIA는 과거에도 주가 조정 후 안정적인 회복세를 보여왔습니다. 현재 RSI가 56.9로 과매수 구간이 아니므로, 기술적 매수 신호로 해석할 수 있습니다.

3. **리스크 관리 여지**: 적정한 가격에서 분할 매수를 통해 리스크를 분산할 수 있으며, 현재 가격이 조정 구간에 있다면 매수 기회로 삼아야 합니다.

이를 바탕으로, 저는 다음과 같은 투자 결정을 내리겠습니다.

**전략적 실행 방안:**
- **포지션 규모 설정**: 고객님의 포트폴리오의 5~7%를 초기 매수에 할당합니다.
- **분할 매수**: 현재가(약 194달러)에서 60%를 먼저 매수하고, 이후 10% 하락 시 나머지 40%를 추가 매수합니다.
- **손절 및 익절 기준**: 손절가는 10% 하락 시 설정하고, 익절 목표가는 257달러로 설정하되, 15~20% 수익 구간에서 일부 익절을 고려합니다.
- **리스크 헷지**: 변동성이 매우 클 경우에는 풋옵션 매수를 통해 하방 리스크를 체계적으로 관리합니다.

과거 실수에서 배운 교훈도 반영하여, 감정적으로 대응하지 않고 분할 매수와 명확한 손절 기준을 설정하여 리스크를 관리할 수 있도록 하겠습니다.

결론적으로, 고객님께서는 NVDA를 매수하는 것이 좋다고 판단합니다. 이는 고객님의 장기 투자 전략과 리스크 관리 접근 방법에 부합하며, 시장의 성장 가능성을 충분히 염두에 두었습니다.

FINAL TRANSACTION PROPOSAL: **BUY**
================================== Ai Message ==================================

고객님의 투자 성향에 따라 아래와 같은 분석을 기반으로 NVDA에 대한 투자 결정을 내리겠습니다.

고객님이 장기적인 투자 수익을 추구하며, 기술주에 대한 높은 수용성과 투자 위험을 감수할 수 있는 분이라고 가정하겠습니다. 이러한 성향은 NVIDIA(NVDA)와 같은 기업에 대한 긍정적인 전망을 보강하는 요소로 작용합니다.

주요 분석 포인트:
1. **구조적 성장 트렌드**: AI 및 데이터센터 수요의 강력한 성장 가능성은 NVIDIA의 계속적인 성장을 뒷받침합니다. AI 및 머신러닝의 수요는 앞으로도 멈춤이 없을 것으로 보이며, NVIDIA가 이 시장에서 가지는 독점적 지위는 매우 중요합니다.
  
2. **기술적 회복력**: NVIDIA는 과거에도 주가 조정 후 안정적인 회복세를 보여왔습니다. 현재 RSI가 56.9로 과매수 구간이 아니므로, 기술적 매수 신호로 해석할 수 있습니다.

3. **리스크 관리 여지**: 적정한 가격에서 분할 매수를 통해 리스크를 분산할 수 있으며, 현재 가격이 조정 구간에 있다면 매수 기회로 삼아야 합니다.

이를 바탕으로, 저는 다음과 같은 투자 결정을 내리겠습니다.

**전략적 실행 방안:**
- **포지션 규모 설정**: 고객님의 포트폴리오의 5~7%를 초기 매수에 할당합니다.
- **분할 매수**: 현재가(약 194달러)에서 60%를 먼저 매수하고, 이후 10% 하락 시 나머지 40%를 추가 매수합니다.
- **손절 및 익절 기준**: 손절가는 10% 하락 시 설정하고, 익절 목표가는 257달러로 설정하되, 15~20% 수익 구간에서 일부 익절을 고려합니다.
- **리스크 헷지**: 변동성이 매우 클 경우에는 풋옵션 매수를 통해 하방 리스크를 체계적으로 관리합니다.

과거 실수에서 배운 교훈도 반영하여, 감정적으로 대응하지 않고 분할 매수와 명확한 손절 기준을 설정하여 리스크를 관리할 수 있도록 하겠습니다.

결론적으로, 고객님께서는 NVDA를 매수하는 것이 좋다고 판단합니다. 이는 고객님의 장기 투자 전략과 리스크 관리 접근 방법에 부합하며, 시장의 성장 가능성을 충분히 염두에 두었습니다.

FINAL TRANSACTION PROPOSAL: **BUY**

================================================================================
ANALYSIS COMPLETE
================================================================================

Decision: BUY

Final Trade Decision: 추천 결정: 매수(Buy)

1. 주요 논점 요약  
   1) Risky Analyst (긍정론)  
     - “AI 시장은 향후 5년간 연평균 30% 성장” 예상되며, NVIDIA의 GPU 독점 기술력이 시장 지배력을 견고히 유지할 것이다.  
     - 현재 주가는 50일·200일 이동평균선 위에서 거래 중이고, RSI(56.9)도 과매수 구간이 아니다.  
     - 소셜 미디어 감정 분석에서 강력한 매수 신호가 포착되며, 단기 심리가 아니라 장기 보유에도 우호적이다.  
     - Q1 매출 성장률 69%, 애널리스트 12개월 목표 주가 257.49달러를 감안할 때 고수익 기대 가능.

   2) Safe Analyst (부정론)  
     - 글로벌 경기 둔화·금리 인상 우려로 기술주 전반이 민감하게 반응할 수 있다.  
     - AMD·Intel 등 경쟁 심화, 미국 수출 규제에 따른 45억 달러 비용 부담 가능성.  
     - MACD 등 모멘텀 지표가 부정적 신호를 보내고 있으며, 소셜 미디어 과열은 일시적일 수 있다.  
     - 옵션 헷지 비용과 큰 변동성 시 분할 매수·손절도 충분치 않을 수 있음.

   3) Neutral Analyst (중립론)  
     - 양측 논리 모두 타당하나, “5~7% 이내 비중으로 분할 매수·손절·익절 기준 설정” 같은 균형 전략이 필요.  
     - 구조적 성장과 동시에 단기 기술적 약화를 고려해 리스크를 관리하면서 기회를 활용할 것을 제안.

2. 추천 근거 및 반론  
   가. 구조적 성장 트렌드  
     - Bear의 “경기 둔화로 성장 가정 과도” 지적은 일리가 있지만, AI 데이터센터 수요는 경기 사이클과 무관하게 지속 확대될 가능성이 높다.  
     - Bull의 “NVIDIA 독점적 GPU 생태계”는 신규 진입 장벽이 매우 높아 단기간에 대체 가능성이 낮다.

   나. 기술적 지표  
     - Bear 측이 강조한 MACD 부정적 신호는 단기 조정 가능성을 시사하지만, 50·200일선 지지와 RSI 56.9 상황을 고려하면 지나치게 비관적일 수 있다.  
     - 중립론자도 “단기 모멘텀 약화→분할 매수 기회”로 해석할 것을 권고.

   다. 리스크 관리  
     - Safe Analyst가 지적한 헷지 비용 문제는 유의하나, 적정 규모의 옵션(풋) 매수는 급락 시 방어력을 제공하며 전체 수익률을 크게 훼손하지 않는다.  
     - “수출 규제 45억 달러” 비용은 이미 주가에 일부 반영된 것으로 보이며, 매출 성장률과 이익률 개선세가 이를 상쇄 가능하다.

3. 개선된 실행 전략  
   1) 포지션 규모  
      - 전체 포트폴리오의 5%로 초기 진입.  
   2) 분할 매수  
      - 첫 매수: 현재가(약 194달러)에서 60% 집행.  
      - 추가 매수: 10% 하락 시 나머지 40% 진입.  
   3) 손절·익절  
      - 손절: 진입가 대비 8% 하락 시 청산(과도한 손실 방지).  
      - 익절: 목표가는 257.49달러, 15~20% 구간 도달 시 부분 익절.  
   4) 헤지  
      - 풋옵션 소량(포지션 규모의 1~2%) 매수로 시장 급락 리스크 완화.  
   5) 모니터링  
      - 분기 실적, 금리·인플레이션 지표, 반도체 규제 뉴스, 경쟁사 동향을 지속 점검.  
      - MACD·RSI 모멘텀 지표가 다시 부정적으로 전환될 경우 재검토.

4. 과거 실수에서 배운 교훈  
   - 조정 시 추가 매수 타이밍을 놓쳐 평균 단가 상승: 이번엔 명확한 2차 진입 규칙 설정.  
   - 손절 라인이 불분명해 감정적 대응 초래: 8% 하락 시 자동 청산으로 객관성 강화.  
   - 헷지 미비로 급락 시 방어 취약: 소량 풋 매수로 하방 보호 장치 마련.

결론: Bull과 Bear의 핵심 논거를 모두 반영해, 구조적 성장에 대한 신뢰를 바탕으로 **매수(Buy)**를 권고합니다. 동시에 리스크 관리 장치를 강화해 단기 변동성에 대비하면, 장기 수익 기회를 포착하면서 안전장치도 확보할 수 있을 것입니다.

Trader Investment Plan:
고객님의 투자 성향에 따라 아래와 같은 분석을 기반으로 NVDA에 대한 투자 결정을 내리겠습니다.

고객님이 장기적인 투자 수익을 추구하며, 기술주에 대한 높은 수용성과 투자 위험을 감수할 수 있는 분이라고 가정하겠습니다. 이러한 성향은 NVIDIA(NVDA)와 같은 기업에 대한 긍정적인 전망을 보강하는 요소로 작용합니다.

주요 분석 포인트:
1. **구조적 성장 트렌드**: AI 및 데이터센터 수요의 강력한 성장 가능성은 NVIDIA의 계속적인 성장을 뒷받침합니다. AI 및 머신러닝의 수요는 앞으로도 멈춤이 없을 것으로 보이며, NVIDIA가 이 시장에서 가지는 독점적 지위는 매우 중요합니다.
  
2. **기술적 회복력**: NVIDIA는 과거에도 주가 조정 후 안정적인 회복세를 보여왔습니다. 현재 RSI가 56.9로 과매수 구간이 아니므로, 기술적 매수 신호로 해석할 수 있습니다.

3. **리스크 관리 여지**: 적정한 가격에서 분할 매수를 통해 리스크를 분산할 수 있으며, 현재 가격이 조정 구간에 있다면 매수 기회로 삼아야 합니다.

이를 바탕으로, 저는 다음과 같은 투자 결정을 내리겠습니다.

**전략적 실행 방안:**
- **포지션 규모 설정**: 고객님의 포트폴리오의 5~7%를 초기 매수에 할당합니다.
- **분할 매수**: 현재가(약 194달러)에서 60%를 먼저 매수하고, 이후 10% 하락 시 나머지 40%를 추가 매수합니다.
- **손절 및 익절 기준**: 손절가는 10% 하락 시 설정하고, 익절 목표가는 257달러로 설정하되, 15~20% 수익 구간에서 일부 익절을 고려합니다.
- **리스크 헷지**: 변동성이 매우 클 경우에는 풋옵션 매수를 통해 하방 리스크를 체계적으로 관리합니다.

과거 실수에서 배운 교훈도 반영하여, 감정적으로 대응하지 않고 분할 매수와 명확한 손절 기준을 설정하여 리스크를 관리할 수 있도록 하겠습니다.

결론적으로, 고객님께서는 NVDA를 매수하는 것이 좋다고 판단합니다. 이는 고객님의 장기 투자 전략과 리스크 관리 접근 방법에 부합하며, 시장의 성장 가능성을 충분히 염두에 두었습니다.

FINAL TRANSACTION PROPOSAL: **BUY**
